 
****************************************
Report : reference
Design : verified_accu
Version: W-2024.09-SP5-3
Date   : Sat Sep 12 07:55:36 2026
****************************************

Attributes:
    b - black box (unknown)
   bo - allows boundary optimization
    d - dont_touch
   mo - map_only
    h - hierarchical
    n - noncombinational
    r - removable
    s - synthetic operator
    u - contains unmapped logic

Reference          Library       Unit Area   Count    Total Area   Attributes
-----------------------------------------------------------------------------
AND2_X1            NangateOpenCellLibrary     1.064000       1     1.064000
AOI21_X1           NangateOpenCellLibrary     1.064000       2     2.128000
AOI22_X1           NangateOpenCellLibrary     1.330000      10    13.300000
DFFR_X1            NangateOpenCellLibrary     5.320000      13    69.160002 n
FA_X1              NangateOpenCellLibrary     4.256000       6    25.536000 r
INV_X1             NangateOpenCellLibrary     0.532000       7     3.724000
NAND2_X1           NangateOpenCellLibrary     0.798000       3     2.394000
NOR2_X1            NangateOpenCellLibrary     0.798000       1     0.798000
NOR3_X1            NangateOpenCellLibrary     1.064000       1     1.064000
NOR3_X2            NangateOpenCellLibrary     1.862000       1     1.862000
OAI21_X1           NangateOpenCellLibrary     1.064000      10    10.640000
OAI33_X1           NangateOpenCellLibrary     1.862000       1     1.862000
OAI222_X1          NangateOpenCellLibrary     2.128000       1     2.128000
XNOR2_X1           NangateOpenCellLibrary     1.596000       1     1.596000
XOR2_X1            NangateOpenCellLibrary     1.596000       1     1.596000
-----------------------------------------------------------------------------
Total 15 references                                   138.852003
1
