 
****************************************
Report : area
Design : verified_accu
Version: W-2024.09-SP5-3
Date   : Sat Sep 12 07:55:29 2026
****************************************

Library(s) Used:

    NangateOpenCellLibrary (File: /hdd1/hping/eda/libs/nangate45/NangateOpenCellLibrary_typical.db)

Number of ports:                           26
Number of nets:                            78
Number of cells:                           52
Number of combinational cells:             36
Number of sequential cells:                14
Number of macros/black boxes:               0
Number of buf/inv:                          8
Number of references:                      14

Combinational area:                 57.988000
Buf/Inv area:                        4.256000
Noncombinational area:              73.150002
Macro/Black Box area:                0.000000
Net Interconnect area:      undefined  (Wire load has zero net area)

Total cell area:                   131.138003
Total area:                 undefined
1
