 
****************************************
Report : area
Design : verified_accu
Version: W-2024.09-SP5-3
Date   : Sat Sep 12 07:54:40 2026
****************************************

Library(s) Used:

    NangateOpenCellLibrary (File: /hdd1/hping/eda/libs/nangate45/NangateOpenCellLibrary_typical.db)

Number of ports:                           54
Number of nets:                           103
Number of cells:                           56
Number of combinational cells:             41
Number of sequential cells:                13
Number of macros/black boxes:               0
Number of buf/inv:                         11
Number of references:                      11

Combinational area:                 72.086000
Buf/Inv area:                        5.852000
Noncombinational area:              69.160002
Macro/Black Box area:                0.000000
Net Interconnect area:      undefined  (Wire load has zero net area)

Total cell area:                   141.246003
Total area:                 undefined
1
