****************************************
Report : Averaged Power
	-nosplit
Design : verified_accu
Version: V-2023.12-SP5-4
Date   : Sat Sep 12 07:46:57 2026
****************************************



  Attributes
  ----------
      i  -  Including register clock pin internal power
      u  -  User defined power group

                        Internal  Switching  Leakage    Total
Power Group             Power     Power      Power      Power   (     %)  Attrs
--------------------------------------------------------------------------------
clock_network           3.133e-06 5.196e-07 5.565e-08 3.709e-06 (25.91%)  i
register                2.038e-06 3.851e-07 1.060e-06 3.483e-06 (24.33%)  
combinational           3.604e-06 2.341e-06 1.179e-06 7.123e-06 (49.76%)  
sequential                 0.0000    0.0000    0.0000    0.0000 ( 0.00%)  
memory                     0.0000    0.0000    0.0000    0.0000 ( 0.00%)  
io_pad                     0.0000    0.0000    0.0000    0.0000 ( 0.00%)  
black_box                  0.0000    0.0000    0.0000    0.0000 ( 0.00%)  

  Net Switching Power  = 3.245e-06   (22.67%)
  Cell Internal Power  = 8.775e-06   (61.30%)
  Cell Leakage Power   = 2.294e-06   (16.03%)
                         ---------
Total Power            = 1.431e-05  (100.00%)

1
