****************************************
Report : Switching Activity
	-average_activity
Design : verified_accu
Version: V-2023.12-SP5-4
Date   : Sat Sep 12 13:29:21 2026
****************************************

 Switching Activities per period is with respect to time period 10000.000000 ns
 Simulation time for toggle count is 10000 ns
------------------------------------------------------------------------------------------------------------------------
Object                            Toggle Count       Toggle Rate      Glitch Count   Glitch Rate      # Nets
                                  Per Net            Per Period       Per Net        Per Period       Included
                                                     Per Net                         Per Net          
------------------------------------------------------------------------------------------------------------------------
verified_accu                     306.24             0.031            0              0                74
------------------------------------------------------------------------------------------------------------------------
0
