 
****************************************
Report : area
Design : verified_accu
Version: W-2024.09-SP5-3
Date   : Sat Sep 12 07:43:28 2026
****************************************

Library(s) Used:

    NangateOpenCellLibrary (File: /hdd1/hping/eda/libs/nangate45/NangateOpenCellLibrary_typical.db)

Number of ports:                           22
Number of nets:                            87
Number of cells:                           60
Number of combinational cells:             46
Number of sequential cells:                13
Number of macros/black boxes:               0
Number of buf/inv:                          7
Number of references:                      15

Combinational area:                 69.692001
Buf/Inv area:                        3.724000
Noncombinational area:              69.160002
Macro/Black Box area:                0.000000
Net Interconnect area:      undefined  (Wire load has zero net area)

Total cell area:                   138.852003
Total area:                 undefined

Hierarchical area distribution
------------------------------

                                  Global cell area          Local cell area
                                  ------------------  --------------------------- 
Hierarchical cell                 Absolute   Percent  Combi-    Noncombi-  Black-
                                  Total      Total    national  national   boxes   Design
--------------------------------  ---------  -------  --------  ---------  ------  ---------
verified_accu                      138.8520    100.0   69.6920    69.1600  0.0000  verified_accu
--------------------------------  ---------  -------  --------  ---------  ------  ---------
Total                                                  69.6920    69.1600  0.0000

1
