Information: Updating design information... (UID-85)
 
****************************************
Report : qor
Design : verified_accu
Version: W-2024.09-SP5-3
Date   : Sat Sep 12 07:45:20 2026
****************************************


  Timing Path Group 'clk'
  -----------------------------------
  Levels of Logic:          11.000000
  Critical Path Length:      0.798179
  Critical Path Slack:       0.760198
  Critical Path Clk Period:  2.000000
  Total Negative Slack:      0.000000
  No. of Violating Paths:    0.000000
  Worst Hold Violation:      0.000000
  Total Hold Violation:      0.000000
  No. of Hold Violations:    0.000000
  -----------------------------------


  Cell Count
  -----------------------------------
  Hierarchical Cell Count:          1
  Hierarchical Port Count:          4
  Leaf Cell Count:                 50
  Buf/Inv Cell Count:               8
  Buf Cell Count:                   0
  Inv Cell Count:                   8
  CT Buf/Inv Cell Count:            0
  Combinational Cell Count:        36
  Sequential Cell Count:           14
  Macro Count:                      0
  -----------------------------------


  Area
  -----------------------------------
  Combinational Area:       57.988000
  Noncombinational Area:    73.150002
  Buf/Inv Area:              4.256000
  Total Buffer Area:         0.000000
  Total Inverter Area:       4.256000
  Macro/Black Box Area:      0.000000
  Net Area:                  0.000000
  -----------------------------------
  Cell Area:               131.138003
  Design Area:             131.138003


  Design Rules
  -----------------------------------
  Total Number of Nets:            74
  Nets With Violations:             0
  Max Trans Violations:             0
  Max Cap Violations:               0
  -----------------------------------


  Hostname: cinnamon

  Compile CPU Statistics
  -----------------------------------------
  Resource Sharing:                0.028961
  Logic Optimization:              0.069050
  Mapping Optimization:            0.378052
  -----------------------------------------
  Overall Compile Time:            2.041176
  Overall Compile Wall Clock Time: 2.018267

  --------------------------------------------------------------------

  Design  WNS: 0.000000  TNS: 0.000000  Number of Violating Paths: 0


  Design (Hold)  WNS: 0.000000  TNS: 0.000000  Number of Violating Paths: 0

  --------------------------------------------------------------------


1
