****************************************
Report : analysis_coverage
Design : verified_accu
Version: V-2023.12-SP5-4
Date   : Sat Sep 12 13:29:16 2026
****************************************

Type of Check         Total              Met         Violated         Untested
--------------------------------------------------------------------------------
setup                    13        13 (100%)         0 (  0%)         0 (  0%)
hold                     13        13 (100%)         0 (  0%)         0 (  0%)
recovery                 13        13 (100%)         0 (  0%)         0 (  0%)
removal                  13        13 (100%)         0 (  0%)         0 (  0%)
min_pulse_width          40        27 ( 68%)         0 (  0%)        13 ( 33%)
clock_gating_setup        2         1 ( 50%)         0 (  0%)         1 ( 50%)
clock_gating_hold         2         1 ( 50%)         0 (  0%)         1 ( 50%)
out_setup                11        11 (100%)         0 (  0%)         0 (  0%)
out_hold                 11        11 (100%)         0 (  0%)         0 (  0%)
--------------------------------------------------------------------------------
All Checks              118       103 ( 87%)         0 (  0%)        15 ( 13%)

1
